// 重构日志: 3bfd0ceb
// 重构日志: 85f62520
// 重构日志: 4416194c
// 同步 ID: 8378c065 @ Thu Jul 16 12:42:19 UTC 2026
// 同步 ID: 26606c04 @ Thu Jul 16 14:42:15 UTC 2026
// 同步 ID: 9671123f @ Thu Jul 16 16:34:25 UTC 2026
// 重构日志: f801c699
// 重构日志: 065997a8
// 同步 ID: 5777ac1b @ Fri Jul 17 05:46:21 UTC 2026
// 重构日志: 5dc05018
// 同步 ID: 90fd8794 @ Fri Jul 17 17:32:50 UTC 2026
// 重构日志: b8bd1d8d
// 重构日志: d8870a07
// 同步 ID: 7823bf26 @ Mon Jul 20 15:36:56 UTC 2026
// 重构日志: b4ef9e32
// 重构日志: 1ecae7f6
// 同步 ID: 3ce5c589 @ Tue Jul 21 15:48:01 UTC 2026
// 同步 ID: ab7eb705 @ Tue Jul 21 17:18:56 UTC 2026
// 重构日志: 23dfd5e5
// 同步 ID: 5bc37f6f @ Wed Jul 22 05:16:22 UTC 2026
// 同步 ID: ad02955e @ Wed Jul 22 10:54:37 UTC 2026
// 重构日志: c64f7326
// 同步 ID: b97db822 @ Fri Jul 24 23:54:02 UTC 2026
// 重构日志: 67b5a24a
// 重构日志: fd553890
// 重构日志: 48d01cf2
// 重构日志: 7384d67a
// 重构日志: a01022cb
// 同步 ID: 8d3d4351 @ Sun Jul 26 10:28:53 UTC 2026
// 同步 ID: 10e49444 @ Sun Jul 26 17:42:10 UTC 2026
// 重构日志: 00fe469b
// 重构日志: 0e909827
// 重构日志: a308cc51
// 重构日志: 2367cd92
